
Memory Configuration

Name             Origin             Length             Attributes
FLASH            0x08002000         0x0000e000         xr
SRAM             0x20000000         0x00005000         xrw
*default*        0x00000000         0xffffffff

Linker script and memory map

LOAD RCC_program.o
LOAD GPIO_program.o
LOAD lib.o
LOAD main.o
LOAD stm32f10x_startup.o

.sharedlib      0x08002000      0x198
 *(.isr_vector)
 .isr_vector    0x08002000      0x188 stm32f10x_startup.o
                0x08002000                vectors
 lib.o(.text)
 .text          0x08002188       0x10 lib.o
                0x08002188                led
                0x08002198                . = ALIGN (0x4)
                0x08002e00                _etext = .

.text           0x08002198      0xc68
 *(.isr_vector)
 RCC_program.o(.text)
 .text          0x08002198      0x1d8 RCC_program.o
                0x08002198                MRCC_voidEnableClock
                0x0800221c                MRCC_voidDisableClock
                0x080022a4                MRCC_voidInitSysClock
                0x080022f8                MRCC_voidSetAHBPRE
                0x08002310                MRCC_voidSetAPB1Pre
                0x08002328                MRCC_voidSetAPB2Pre
                0x08002340                MRCC_voidSetADCPre
                0x08002358                MRCC_voidMcoClk
 GPIO_program.o(.text)
 .text          0x08002370      0x9e4 GPIO_program.o
                0x08002370                MGPIO_voidSetPinMode
                0x08002568                MGPIO_voidSetPinValue
                0x0800267c                MGPIO_u8GetPinValue
                0x08002750                MGPIO_u8ChoosePullMode
                0x0800289c                MGPIO_voidTogPinValue
                0x08002970                MGPIO_voidSetPortMode
                0x080029ac                MGPIO_voidSetPortValue
                0x08002a28                MGPIO_voidSetClrPinsValue
                0x08002a90                MGPIO_voidSetPinsValue
                0x08002af8                MGPIO_voidClrPinsValue
                0x08002b60                MGPIO_u8LockBitConfig
 stm32f10x_startup.o(.text)
 .text          0x08002d54       0x8c stm32f10x_startup.o
                0x08002d54                RTC_Alarm_IRQHandler
                0x08002d54                HASH_RNG_IRQHandler
                0x08002d54                EXTI2_IRQHandler
                0x08002d54                TIM8_CC_IRQHandler
                0x08002d54                DebugMon_Handler
                0x08002d54                TIM1_CC_IRQHandler
                0x08002d54                DMA2_Stream5_IRQHandler
                0x08002d54                HardFault_Handler
                0x08002d54                DMA1_Stream5_IRQHandler
                0x08002d54                SysTick_Handler
                0x08002d54                PVD_IRQHandler
                0x08002d54                SDIO_IRQHandler
                0x08002d54                TAMP_STAMP_IRQHandler
                0x08002d54                PendSV_Handler
                0x08002d54                NMI_Handler
                0x08002d54                CAN2_RX1_IRQHandler
                0x08002d54                EXTI3_IRQHandler
                0x08002d54                TIM8_TRG_COM_TIM14_IRQHandler
                0x08002d54                TIM1_UP_TIM10_IRQHandler
                0x08002d54                TIM8_UP_TIM13_IRQHandler
                0x08002d54                I2C3_ER_IRQHandler
                0x08002d54                EXTI0_IRQHandler
                0x08002d54                I2C2_EV_IRQHandler
                0x08002d54                DMA1_Stream2_IRQHandler
                0x08002d54                CAN1_RX0_IRQHandler
                0x08002d54                FPU_IRQHandler
                0x08002d54                OTG_HS_WKUP_IRQHandler
                0x08002d54                UsageFault_Handler
                0x08002d54                CAN2_SCE_IRQHandler
                0x08002d54                DMA2_Stream2_IRQHandler
                0x08002d54                SPI1_IRQHandler
                0x08002d54                TIM6_DAC_IRQHandler
                0x08002d54                TIM1_BRK_TIM9_IRQHandler
                0x08002d54                DCMI_IRQHandler
                0x08002d54                CAN2_RX0_IRQHandler
                0x08002d54                DMA2_Stream3_IRQHandler
                0x08002d54                USART6_IRQHandler
                0x08002d54                USART3_IRQHandler
                0x08002d54                CRYP_IRQHandler
                0x08002d54                DMA2_Stream6_IRQHandler
                0x08002d54                CAN1_RX1_IRQHandler
                0x08002d54                UART5_IRQHandler
                0x08002d54                DMA2_Stream0_IRQHandler
                0x08002d54                TIM4_IRQHandler
                0x08002d54                I2C1_EV_IRQHandler
                0x08002d54                DMA1_Stream6_IRQHandler
                0x08002d54                DMA1_Stream1_IRQHandler
                0x08002d54                UART4_IRQHandler
                0x08002d54                TIM3_IRQHandler
                0x08002d54                RCC_IRQHandler
                0x08002d54                TIM8_BRK_TIM12_IRQHandler
                0x08002d54                Default_Handler
                0x08002d54                EXTI15_10_IRQHandler
                0x08002d54                ADC_IRQHandler
                0x08002d54                DMA1_Stream7_IRQHandler
                0x08002d54                TIM7_IRQHandler
                0x08002d54                CAN2_TX_IRQHandler
                0x08002d54                TIM5_IRQHandler
                0x08002d54                DMA2_Stream7_IRQHandler
                0x08002d54                I2C3_EV_IRQHandler
                0x08002d54                EXTI9_5_IRQHandler
                0x08002d54                RTC_WKUP_IRQHandler
                0x08002d54                ETH_WKUP_IRQHandler
                0x08002d54                SPI2_IRQHandler
                0x08002d54                OTG_HS_EP1_IN_IRQHandler
                0x08002d54                MemManage_Handler
                0x08002d54                DMA1_Stream0_IRQHandler
                0x08002d54                CAN1_TX_IRQHandler
                0x08002d54                SVC_Handler
                0x08002d54                EXTI4_IRQHandler
                0x08002d54                FSMC_IRQHandler
                0x08002d54                ETH_IRQHandler
                0x08002d54                OTG_HS_EP1_OUT_IRQHandler
                0x08002d54                WWDG_IRQHandler
                0x08002d54                TIM2_IRQHandler
                0x08002d54                OTG_FS_WKUP_IRQHandler
                0x08002d54                TIM1_TRG_COM_TIM11_IRQHandler
                0x08002d54                OTG_HS_IRQHandler
                0x08002d54                EXTI1_IRQHandler
                0x08002d54                USART2_IRQHandler
                0x08002d54                I2C2_ER_IRQHandler
                0x08002d54                DMA2_Stream1_IRQHandler
                0x08002d54                CAN1_SCE_IRQHandler
                0x08002d54                DMA2_Stream4_IRQHandler
                0x08002d54                BusFault_Handler
                0x08002d54                USART1_IRQHandler
                0x08002d54                OTG_FS_IRQHandler
                0x08002d54                SPI3_IRQHandler
                0x08002d54                DMA1_Stream4_IRQHandler
                0x08002d54                I2C1_ER_IRQHandler
                0x08002d54                DMA1_Stream3_IRQHandler
                0x08002d5a                Reset_Handler
 main.o(.text)
 .text          0x08002de0       0x1e main.o
                0x08002de0                main
 *(.rodata)
                0x08002e00                . = ALIGN (0x4)
 *fill*         0x08002dfe        0x2 
                0x08002e00                _etext = .

.glue_7         0x08002e00        0x0
 .glue_7        0x08002e00        0x0 linker stubs

.glue_7t        0x08002e00        0x0
 .glue_7t       0x08002e00        0x0 linker stubs

.vfp11_veneer   0x08002e00        0x0
 .vfp11_veneer  0x08002e00        0x0 linker stubs

.v4_bx          0x08002e00        0x0
 .v4_bx         0x08002e00        0x0 linker stubs

.iplt           0x08002e00        0x0
 .iplt          0x08002e00        0x0 GPIO_program.o

.rel.dyn        0x08002e00        0x0
 .rel.iplt      0x08002e00        0x0 GPIO_program.o

.data           0x20000000        0x0 load address 0x08002e00
                0x20000000                _sdata = .
 *(.data)
 .data          0x20000000        0x0 RCC_program.o
 .data          0x20000000        0x0 GPIO_program.o
 .data          0x20000000        0x0 lib.o
 .data          0x20000000        0x0 main.o
 .data          0x20000000        0x0 stm32f10x_startup.o
                0x20000000                . = ALIGN (0x4)
                0x20000000                _edata = .

.igot.plt       0x20000000        0x0 load address 0x08002e00
 .igot.plt      0x20000000        0x0 GPIO_program.o

.bss            0x20000000        0x0 load address 0x08002e00
                0x20000000                _sbss = .
 *(.bss)
 .bss           0x20000000        0x0 RCC_program.o
 .bss           0x20000000        0x0 GPIO_program.o
 .bss           0x20000000        0x0 lib.o
 .bss           0x20000000        0x0 main.o
 .bss           0x20000000        0x0 stm32f10x_startup.o
                0x20000000                . = ALIGN (0x4)
                0x20000000                _ebss = .
OUTPUT(final.elf elf32-littlearm)
LOAD linker stubs

.comment        0x00000000       0x4c
 .comment       0x00000000       0x4c RCC_program.o
                                 0x4d (size before relaxing)
 .comment       0x0000004c       0x4d GPIO_program.o
 .comment       0x0000004c       0x4d lib.o
 .comment       0x0000004c       0x4d main.o
 .comment       0x0000004c       0x4d stm32f10x_startup.o

.ARM.attributes
                0x00000000       0x2d
 .ARM.attributes
                0x00000000       0x2d RCC_program.o
 .ARM.attributes
                0x0000002d       0x2d GPIO_program.o
 .ARM.attributes
                0x0000005a       0x2d lib.o
 .ARM.attributes
                0x00000087       0x2d main.o
 .ARM.attributes
                0x000000b4       0x2d stm32f10x_startup.o
